// Jest Snapshot v1, https://goo.gl/fbAQLP

exports[`[partial] member.parameters should compile 1`] = `
"**Parameters:**

| Name | Type | Description |
| ------ | ------ | ------ |
| paramZ | [type] |  This is a string parameter. |
| paramG | [type] |  This is a parameter flagged with any.<br><br>    This sentence is placed in the next line.|
| paramA | [type] |This is a **parameter** pointing to an interface.<br><br>\`\`\`var value:BaseClass = new BaseClass('test');functionWithArguments('arg', 0, value);\`\`\`<br><br> |"
`;
